------------------------------------------------------------
Timing Analyzer Summary
------------------------------------------------------------

Type  : Slow 1200mV 85C Model Setup 'clk'
Slack : 6.465
TNS   : 0.000

Type  : Slow 1200mV 85C Model Hold 'clk'
Slack : 0.277
TNS   : 0.000

Type  : Slow 1200mV 85C Model Minimum Pulse Width 'clk'
Slack : 9.629
TNS   : 0.000

Type  : Slow 1200mV 85C Model Minimum Pulse Width 'fs'
Slack : 36.000
TNS   : 0.000

Type  : Slow 1200mV 0C Model Setup 'clk'
Slack : 7.526
TNS   : 0.000

Type  : Slow 1200mV 0C Model Hold 'clk'
Slack : 0.281
TNS   : 0.000

Type  : Slow 1200mV 0C Model Minimum Pulse Width 'clk'
Slack : 9.645
TNS   : 0.000

Type  : Slow 1200mV 0C Model Minimum Pulse Width 'fs'
Slack : 36.000
TNS   : 0.000

Type  : Fast 1200mV 0C Model Setup 'clk'
Slack : 13.565
TNS   : 0.000

Type  : Fast 1200mV 0C Model Hold 'clk'
Slack : 0.099
TNS   : 0.000

Type  : Fast 1200mV 0C Model Minimum Pulse Width 'clk'
Slack : 9.372
TNS   : 0.000

Type  : Fast 1200mV 0C Model Minimum Pulse Width 'fs'
Slack : 36.000
TNS   : 0.000

------------------------------------------------------------
