------------------------------------------------------------
Timing Analyzer Summary
------------------------------------------------------------

Type  : Slow 1200mV 85C Model Setup 'clk'
Slack : -30.560
TNS   : -6017.170

Type  : Slow 1200mV 85C Model Hold 'clk'
Slack : 0.339
TNS   : 0.000

Type  : Slow 1200mV 85C Model Minimum Pulse Width 'clk'
Slack : 9.628
TNS   : 0.000

Type  : Slow 1200mV 85C Model Minimum Pulse Width 'fs'
Slack : 76.000
TNS   : 0.000

Type  : Slow 1200mV 0C Model Setup 'clk'
Slack : -25.826
TNS   : -4781.253

Type  : Slow 1200mV 0C Model Hold 'clk'
Slack : 0.337
TNS   : 0.000

Type  : Slow 1200mV 0C Model Minimum Pulse Width 'clk'
Slack : 9.646
TNS   : 0.000

Type  : Slow 1200mV 0C Model Minimum Pulse Width 'fs'
Slack : 76.000
TNS   : 0.000

Type  : Fast 1200mV 0C Model Setup 'clk'
Slack : -4.747
TNS   : -328.255

Type  : Fast 1200mV 0C Model Hold 'clk'
Slack : 0.141
TNS   : 0.000

Type  : Fast 1200mV 0C Model Minimum Pulse Width 'clk'
Slack : 9.372
TNS   : 0.000

Type  : Fast 1200mV 0C Model Minimum Pulse Width 'fs'
Slack : 76.000
TNS   : 0.000

------------------------------------------------------------
