------------------------------------------------------------
Timing Analyzer Summary
------------------------------------------------------------

Type  : Slow 1200mV 85C Model Setup 'clk'
Slack : 6.819
TNS   : 0.000

Type  : Slow 1200mV 85C Model Hold 'clk'
Slack : 0.295
TNS   : 0.000

Type  : Slow 1200mV 85C Model Minimum Pulse Width 'clk'
Slack : 9.628
TNS   : 0.000

Type  : Slow 1200mV 85C Model Minimum Pulse Width 'fs'
Slack : 76.000
TNS   : 0.000

Type  : Slow 1200mV 0C Model Setup 'clk'
Slack : 7.896
TNS   : 0.000

Type  : Slow 1200mV 0C Model Hold 'clk'
Slack : 0.304
TNS   : 0.000

Type  : Slow 1200mV 0C Model Minimum Pulse Width 'clk'
Slack : 9.646
TNS   : 0.000

Type  : Slow 1200mV 0C Model Minimum Pulse Width 'fs'
Slack : 76.000
TNS   : 0.000

Type  : Fast 1200mV 0C Model Setup 'clk'
Slack : 13.551
TNS   : 0.000

Type  : Fast 1200mV 0C Model Hold 'clk'
Slack : 0.115
TNS   : 0.000

Type  : Fast 1200mV 0C Model Minimum Pulse Width 'clk'
Slack : 9.374
TNS   : 0.000

Type  : Fast 1200mV 0C Model Minimum Pulse Width 'fs'
Slack : 76.000
TNS   : 0.000

------------------------------------------------------------
